This is pdfTeX, Version 3.141592653-2.6-1.40.27 (TeX Live 2025) (preloaded format=pdflatex 2025.3.8)  19 JUL 2025 13:02
entering extended mode
 restricted \write18 enabled.
 file:line:error style messages enabled.
 %&-line parsing enabled.
**/Users/maxgalindo/max/maestria/thesis_pdf/MainThesis.tex
(/Users/maxgalindo/max/maestria/thesis_pdf/MainThesis.tex
LaTeX2e <2024-11-01> patch level 2
L3 programming layer <2025-01-18>
(/usr/local/texlive/2025/texmf-dist/tex/latex/base/report.cls
Document Class: report 2024/06/29 v1.4n Standard LaTeX document class
(/usr/local/texlive/2025/texmf-dist/tex/latex/base/size12.clo
File: size12.clo 2024/06/29 v1.4n Standard LaTeX file (size option)
)
\c@part=\count196
\c@chapter=\count197
\c@section=\count198
\c@subsection=\count199
\c@subsubsection=\count266
\c@paragraph=\count267
\c@subparagraph=\count268
\c@figure=\count269
\c@table=\count270
\abovecaptionskip=\skip49
\belowcaptionskip=\skip50
\bibindent=\dimen141
) (/usr/local/texlive/2025/texmf-dist/tex/latex/base/inputenc.sty
Package: inputenc 2024/02/08 v1.3d Input encoding file
\inpenc@prehook=\toks17
\inpenc@posthook=\toks18
) (/usr/local/texlive/2025/texmf-dist/tex/generic/babel/babel.sty
Package: babel 2025/02/14 v25.4 The multilingual framework for pdfLaTeX, LuaLaTeX and XeLaTeX
\babel@savecnt=\count271
\U@D=\dimen142
\l@unhyphenated=\language90
 (/usr/local/texlive/2025/texmf-dist/tex/generic/babel/txtbabel.def)
\bbl@readstream=\read2
\bbl@dirlevel=\count272
 (/usr/local/texlive/2025/texmf-dist/tex/generic/babel-spanish/spanish.ldf
Language: spanish.ldf 2021/05/27 v5.0q Spanish support from the babel system
\es@quottoks=\toks19
\es@quotdepth=\count273
Package babel Info: Making " an active character on input line 570.
Package babel Info: Making . an active character on input line 675.
Package babel Info: Making < an active character on input line 722.
Package babel Info: Making > an active character on input line 722.
)) (/usr/local/texlive/2025/texmf-dist/tex/generic/babel/locale/es/babel-spanish.tex
Package babel Info: Importing font and identification data for spanish
(babel)             from babel-es.ini. Reported on input line 11.
) (/usr/local/texlive/2025/texmf-dist/tex/latex/float/float.sty
Package: float 2001/11/08 v1.3d Float enhancements (AL)
\c@float@type=\count274
\float@exts=\toks20
\float@box=\box52
\@float@everytoks=\toks21
\@floatcapt=\box53
) (/usr/local/texlive/2025/texmf-dist/tex/latex/amsmath/amsmath.sty
Package: amsmath 2024/11/05 v2.17t AMS math features
\@mathmargin=\skip51

For additional information on amsmath, use the `?' option.
(/usr/local/texlive/2025/texmf-dist/tex/latex/amsmath/amstext.sty
Package: amstext 2021/08/26 v2.01 AMS text
 (/usr/local/texlive/2025/texmf-dist/tex/latex/amsmath/amsgen.sty
File: amsgen.sty 1999/11/30 v2.0 generic functions
\@emptytoks=\toks22
\ex@=\dimen143
)) (/usr/local/texlive/2025/texmf-dist/tex/latex/amsmath/amsbsy.sty
Package: amsbsy 1999/11/29 v1.2d Bold Symbols
\pmbraise@=\dimen144
) (/usr/local/texlive/2025/texmf-dist/tex/latex/amsmath/amsopn.sty
Package: amsopn 2022/04/08 v2.04 operator names
)
\inf@bad=\count275
LaTeX Info: Redefining \frac on input line 233.
\uproot@=\count276
\leftroot@=\count277
LaTeX Info: Redefining \overline on input line 398.
LaTeX Info: Redefining \colon on input line 409.
\classnum@=\count278
\DOTSCASE@=\count279
LaTeX Info: Redefining \ldots on input line 495.
LaTeX Info: Redefining \dots on input line 498.
LaTeX Info: Redefining \cdots on input line 619.
\Mathstrutbox@=\box54
\strutbox@=\box55
LaTeX Info: Redefining \big on input line 721.
LaTeX Info: Redefining \Big on input line 722.
LaTeX Info: Redefining \bigg on input line 723.
LaTeX Info: Redefining \Bigg on input line 724.
\big@size=\dimen145
LaTeX Font Info:    Redeclaring font encoding OML on input line 742.
LaTeX Font Info:    Redeclaring font encoding OMS on input line 743.
\macc@depth=\count280
LaTeX Info: Redefining \bmod on input line 904.
LaTeX Info: Redefining \pmod on input line 909.
LaTeX Info: Redefining \smash on input line 939.
LaTeX Info: Redefining \relbar on input line 969.
LaTeX Info: Redefining \Relbar on input line 970.
\c@MaxMatrixCols=\count281
\dotsspace@=\muskip17
\c@parentequation=\count282
\dspbrk@lvl=\count283
\tag@help=\toks23
\row@=\count284
\column@=\count285
\maxfields@=\count286
\andhelp@=\toks24
\eqnshift@=\dimen146
\alignsep@=\dimen147
\tagshift@=\dimen148
\tagwidth@=\dimen149
\totwidth@=\dimen150
\lineht@=\dimen151
\@envbody=\toks25
\multlinegap=\skip52
\multlinetaggap=\skip53
\mathdisplay@stack=\toks26
LaTeX Info: Redefining \[ on input line 2953.
LaTeX Info: Redefining \] on input line 2954.
) (/usr/local/texlive/2025/texmf-dist/tex/latex/multirow/multirow.sty
Package: multirow 2024/11/12 v2.9 Span multiple rows of a table
\multirow@colwidth=\skip54
\multirow@cntb=\count287
\multirow@dima=\skip55
\bigstrutjot=\dimen152
) (/usr/local/texlive/2025/texmf-dist/tex/latex/caption/subcaption.sty
Package: subcaption 2023/07/28 v1.6b Sub-captions (AR)
 (/usr/local/texlive/2025/texmf-dist/tex/latex/caption/caption.sty
Package: caption 2023/08/05 v3.6o Customizing captions (AR)
 (/usr/local/texlive/2025/texmf-dist/tex/latex/caption/caption3.sty
Package: caption3 2023/07/31 v2.4d caption3 kernel (AR)
 (/usr/local/texlive/2025/texmf-dist/tex/latex/graphics/keyval.sty
Package: keyval 2022/05/29 v1.15 key=value parser (DPC)
\KV@toks@=\toks27
)
\caption@tempdima=\dimen153
\captionmargin=\dimen154
\caption@leftmargin=\dimen155
\caption@rightmargin=\dimen156
\caption@width=\dimen157
\caption@indent=\dimen158
\caption@parindent=\dimen159
\caption@hangindent=\dimen160
Package caption Info: Standard document class detected.
)
\c@caption@flags=\count288
\c@continuedfloat=\count289
Package caption Info: float package is loaded.
)
Package caption Info: New subtype `subfigure' on input line 238.
\c@subfigure=\count290
Package caption Info: New subtype `subtable' on input line 238.
\c@subtable=\count291
) (/usr/local/texlive/2025/texmf-dist/tex/latex/booktabs/booktabs.sty
Package: booktabs 2020/01/12 v1.61803398 Publication quality tables
\heavyrulewidth=\dimen161
\lightrulewidth=\dimen162
\cmidrulewidth=\dimen163
\belowrulesep=\dimen164
\belowbottomsep=\dimen165
\aboverulesep=\dimen166
\abovetopsep=\dimen167
\cmidrulesep=\dimen168
\cmidrulekern=\dimen169
\defaultaddspace=\dimen170
\@cmidla=\count292
\@cmidlb=\count293
\@aboverulesep=\dimen171
\@belowrulesep=\dimen172
\@thisruleclass=\count294
\@lastruleclass=\count295
\@thisrulewidth=\dimen173
) (/usr/local/texlive/2025/texmf-dist/tex/latex/xcolor/xcolor.sty
Package: xcolor 2024/09/29 v3.02 LaTeX color extensions (UK)
 (/usr/local/texlive/2025/texmf-dist/tex/latex/graphics-cfg/color.cfg
File: color.cfg 2016/01/02 v1.6 sample color configuration
)
Package xcolor Info: Driver file: pdftex.def on input line 274.
 (/usr/local/texlive/2025/texmf-dist/tex/latex/graphics-def/pdftex.def
File: pdftex.def 2024/04/13 v1.2c Graphics/color driver for pdftex
) (/usr/local/texlive/2025/texmf-dist/tex/latex/graphics/mathcolor.ltx)
Package xcolor Info: Model `cmy' substituted by `cmy0' on input line 1349.
Package xcolor Info: Model `hsb' substituted by `rgb' on input line 1353.
Package xcolor Info: Model `RGB' extended on input line 1365.
Package xcolor Info: Model `HTML' substituted by `rgb' on input line 1367.
Package xcolor Info: Model `Hsb' substituted by `hsb' on input line 1368.
Package xcolor Info: Model `tHsb' substituted by `hsb' on input line 1369.
Package xcolor Info: Model `HSB' substituted by `hsb' on input line 1370.
Package xcolor Info: Model `Gray' substituted by `gray' on input line 1371.
Package xcolor Info: Model `wave' substituted by `hsb' on input line 1372.
) (/usr/local/texlive/2025/texmf-dist/tex/latex/tools/tabularx.sty
Package: tabularx 2023/12/11 v2.12a `tabularx' package (DPC)
 (/usr/local/texlive/2025/texmf-dist/tex/latex/tools/array.sty
Package: array 2024/10/17 v2.6g Tabular extension package (FMi)
\col@sep=\dimen174
\ar@mcellbox=\box56
\extrarowheight=\dimen175
\NC@list=\toks28
\extratabsurround=\skip56
\backup@length=\skip57
\ar@cellbox=\box57
)
\TX@col@width=\dimen176
\TX@old@table=\dimen177
\TX@old@col=\dimen178
\TX@target=\dimen179
\TX@delta=\dimen180
\TX@cols=\count296
\TX@ftn=\toks29
) (/usr/local/texlive/2025/texmf-dist/tex/latex/algorithms/algorithm.sty
Package: algorithm 2009/08/24 v0.1 Document Style `algorithm' - floating environment
 (/usr/local/texlive/2025/texmf-dist/tex/latex/base/ifthen.sty
Package: ifthen 2024/03/16 v1.1e Standard LaTeX ifthen package (DPC)
)
\@float@every@algorithm=\toks30
\c@algorithm=\count297
) (/usr/local/texlive/2025/texmf-dist/tex/latex/algorithmicx/algorithmicx.sty
Package: algorithmicx 2005/04/27 v1.2 Algorithmicx

Document Style algorithmicx 1.2 - a greatly improved `algorithmic' style
\c@ALG@line=\count298
\c@ALG@rem=\count299
\c@ALG@nested=\count300
\ALG@tlm=\skip58
\ALG@thistlm=\skip59
\c@ALG@Lnr=\count301
\c@ALG@blocknr=\count302
\c@ALG@storecount=\count303
\c@ALG@tmpcounter=\count304
\ALG@tmplength=\skip60
) (./LaTexPackages.tex (/usr/local/texlive/2025/texmf-dist/tex/latex/natbib/natbib.sty
Package: natbib 2010/09/13 8.31b (PWD, AO)
\bibhang=\skip61
\bibsep=\skip62
LaTeX Info: Redefining \cite on input line 694.
\c@NAT@ctr=\count305
) (/usr/local/texlive/2025/texmf-dist/tex/latex/enumitem/enumitem.sty
Package: enumitem 2025/02/06 v3.11 Customized lists
\labelindent=\skip63
\enit@outerparindent=\dimen181
\enit@toks=\toks31
\enit@inbox=\box58
\enit@count@id=\count306
\enitdp@description=\count307
) (/usr/local/texlive/2025/texmf-dist/tex/latex/graphics/graphicx.sty
Package: graphicx 2021/09/16 v1.2d Enhanced LaTeX Graphics (DPC,SPQR)
 (/usr/local/texlive/2025/texmf-dist/tex/latex/graphics/graphics.sty
Package: graphics 2024/08/06 v1.4g Standard LaTeX Graphics (DPC,SPQR)
 (/usr/local/texlive/2025/texmf-dist/tex/latex/graphics/trig.sty
Package: trig 2023/12/02 v1.11 sin cos tan (DPC)
) (/usr/local/texlive/2025/texmf-dist/tex/latex/graphics-cfg/graphics.cfg
File: graphics.cfg 2016/06/04 v1.11 sample graphics configuration
)
Package graphics Info: Driver file: pdftex.def on input line 106.
)
\Gin@req@height=\dimen182
\Gin@req@width=\dimen183
) (/usr/local/texlive/2025/texmf-dist/tex/latex/psnfss/times.sty
Package: times 2020/03/25 PSNFSS-v9.3 (SPQR) 
) (/usr/local/texlive/2025/texmf-dist/tex/latex/geometry/geometry.sty
Package: geometry 2020/01/02 v5.9 Page Geometry
 (/usr/local/texlive/2025/texmf-dist/tex/generic/iftex/ifvtex.sty
Package: ifvtex 2019/10/25 v1.7 ifvtex legacy package. Use iftex instead.
 (/usr/local/texlive/2025/texmf-dist/tex/generic/iftex/iftex.sty
Package: iftex 2024/12/12 v1.0g TeX engine tests
))
\Gm@cnth=\count308
\Gm@cntv=\count309
\c@Gm@tempcnt=\count310
\Gm@bindingoffset=\dimen184
\Gm@wd@mp=\dimen185
\Gm@odd@mp=\dimen186
\Gm@even@mp=\dimen187
\Gm@layoutwidth=\dimen188
\Gm@layoutheight=\dimen189
\Gm@layouthoffset=\dimen190
\Gm@layoutvoffset=\dimen191
\Gm@dimlist=\toks32
) (/usr/local/texlive/2025/texmf-dist/tex/latex/nomencl/nomencl.sty
Package: nomencl 2021/11/10 v5.6 Nomenclature package
 (/usr/local/texlive/2025/texmf-dist/tex/latex/xkeyval/xkeyval.sty
Package: xkeyval 2022/06/16 v2.9 package option processing (HA)
 (/usr/local/texlive/2025/texmf-dist/tex/generic/xkeyval/xkeyval.tex (/usr/local/texlive/2025/texmf-dist/tex/generic/xkeyval/xkvutils.tex
\XKV@toks=\toks33
\XKV@tempa@toks=\toks34
)
\XKV@depth=\count311
File: xkeyval.tex 2014/12/03 v2.7a key=value parser (HA)
)) (/usr/local/texlive/2025/texmf-dist/tex/latex/koma-script/tocbasic.sty
Package: tocbasic 2024/10/24 v3.43 KOMA-Script package (handling toc-files)
 (/usr/local/texlive/2025/texmf-dist/tex/latex/koma-script/scrbase.sty
Package: scrbase 2024/10/24 v3.43 KOMA-Script package (KOMA-Script-independent basics and keyval usage)
 (/usr/local/texlive/2025/texmf-dist/tex/latex/koma-script/scrlfile.sty
Package: scrlfile 2024/10/24 v3.43 KOMA-Script package (file load hooks)
 (/usr/local/texlive/2025/texmf-dist/tex/latex/koma-script/scrlfile-hook.sty
Package: scrlfile-hook 2024/10/24 v3.43 KOMA-Script package (using LaTeX hooks)
 (/usr/local/texlive/2025/texmf-dist/tex/latex/koma-script/scrlogo.sty
Package: scrlogo 2024/10/24 v3.43 KOMA-Script package (logo)
)))
Applying: [2021/05/01] Usage of raw or classic option list on input line 254.
Already applied: [0000/00/00] Usage of raw or classic option list on input line 370.
)
\scr@dte@tocline@numberwidth=\skip64
\scr@dte@tocline@numbox=\box59
)
Package tocbasic Info: setting babel extension for `nlo' on input line 187.
Package tocbasic Info: setting babel extension for `nls' on input line 188.
\nomlabelwidth=\dimen192
\nom@tempdim=\dimen193
\nomitemsep=\skip65
) (/usr/local/texlive/2025/texmf-dist/tex/latex/lipsum/lipsum.sty (/usr/local/texlive/2025/texmf-dist/tex/latex/l3packages/l3keys2e/l3keys2e.sty (/usr/local/texlive/2025/texmf-dist/tex/latex/l3kernel/expl3.sty
Package: expl3 2025-01-18 L3 programming layer (loader) 
 (/usr/local/texlive/2025/texmf-dist/tex/latex/l3backend/l3backend-pdftex.def
File: l3backend-pdftex.def 2024-05-08 L3 backend support: PDF output (pdfTeX)
\l__color_backend_stack_int=\count312
\l__pdf_internal_box=\box60
))
Package: l3keys2e 2024-08-16 LaTeX2e option processing using LaTeX3 keys
)
Package: lipsum 2021-09-20 v2.7 150 paragraphs of Lorem Ipsum dummy text
\g__lipsum_par_int=\count313
\l__lipsum_a_int=\count314
\l__lipsum_b_int=\count315
 (/usr/local/texlive/2025/texmf-dist/tex/latex/lipsum/lipsum.ltd.tex))) (./CustomFunctions.tex)
LaTeX Font Info:    Trying to load font information for OT1+ptm on input line 21.
 (/usr/local/texlive/2025/texmf-dist/tex/latex/psnfss/ot1ptm.fd
File: ot1ptm.fd 2001/06/04 font definitions for OT1/ptm.
) (./MainThesis.aux
LaTeX Info: Redefining \. on input line 8.
LaTeX Info: Redefining \% on input line 8.
)
\openout1 = `MainThesis.aux'.

LaTeX Font Info:    Checking defaults for OML/cmm/m/it on input line 21.
LaTeX Font Info:    ... okay on input line 21.
LaTeX Font Info:    Checking defaults for OMS/cmsy/m/n on input line 21.
LaTeX Font Info:    ... okay on input line 21.
LaTeX Font Info:    Checking defaults for OT1/cmr/m/n on input line 21.
LaTeX Font Info:    ... okay on input line 21.
LaTeX Font Info:    Checking defaults for T1/cmr/m/n on input line 21.
LaTeX Font Info:    ... okay on input line 21.
LaTeX Font Info:    Checking defaults for TS1/cmr/m/n on input line 21.
LaTeX Font Info:    ... okay on input line 21.
LaTeX Font Info:    Checking defaults for OMX/cmex/m/n on input line 21.
LaTeX Font Info:    ... okay on input line 21.
LaTeX Font Info:    Checking defaults for U/cmr/m/n on input line 21.
LaTeX Font Info:    ... okay on input line 21.
LaTeX Info: Redefining \. on input line 21.
LaTeX Info: Redefining \% on input line 21.
Package caption Info: Begin \AtBeginDocument code.
Package caption Info: End \AtBeginDocument code.
 (/usr/local/texlive/2025/texmf-dist/tex/context/base/mkii/supp-pdf.mkii
[Loading MPS to PDF converter (version 2006.09.02).]
\scratchcounter=\count316
\scratchdimen=\dimen194
\scratchbox=\box61
\nofMPsegments=\count317
\nofMParguments=\count318
\everyMPshowfont=\toks35
\MPscratchCnt=\count319
\MPscratchDim=\dimen195
\MPnumerator=\count320
\makeMPintoPDFobject=\count321
\everyMPtoPDFconversion=\toks36
) (/usr/local/texlive/2025/texmf-dist/tex/latex/epstopdf-pkg/epstopdf-base.sty
Package: epstopdf-base 2020-01-24 v2.11 Base part for package epstopdf
Package epstopdf-base Info: Redefining graphics rule for `.eps' on input line 485.
 (/usr/local/texlive/2025/texmf-dist/tex/latex/latexconfig/epstopdf-sys.cfg
File: epstopdf-sys.cfg 2010/07/13 v1.3 Configuration of (r)epstopdf for TeX Live
))
*geometry* driver: auto-detecting
*geometry* detected driver: pdftex
*geometry* verbose mode - [ preamble ] result:
* driver: pdftex
* paper: a4paper
* layout: <same size as paper>
* layoutoffset:(h,v)=(0.0pt,0.0pt)
* modes: 
* h-part:(L,W,R)=(62.59605pt, 472.31577pt, 62.59605pt)
* v-part:(T,H,B)=(62.59605pt, 719.85474pt, 62.59605pt)
* \paperwidth=597.50787pt
* \paperheight=845.04684pt
* \textwidth=472.31577pt
* \textheight=719.85474pt
* \oddsidemargin=-9.67393pt
* \evensidemargin=-9.67393pt
* \topmargin=-46.67393pt
* \headheight=12.0pt
* \headsep=25.0pt
* \topskip=12.0pt
* \footskip=30.0pt
* \marginparwidth=35.0pt
* \marginparsep=10.0pt
* \columnsep=10.0pt
* \skip\footins=10.8pt plus 4.0pt minus 2.0pt
* \hoffset=0.0pt
* \voffset=0.0pt
* \mag=1000
* \@twocolumnfalse
* \@twosidefalse
* \@mparswitchfalse
* \@reversemarginfalse
* (1in=72.27pt=25.4mm, 1cm=28.453pt)

<images_2/logo.pdf, id=1, 770.88pt x 866.48718pt>
File: images_2/logo.pdf Graphic file (type pdf)
<use images_2/logo.pdf>
Package pdftex.def Info: images_2/logo.pdf  used on input line 29.
(pdftex.def)             Requested size: 50.62651pt x 56.9055pt.


[1

{/usr/local/texlive/2025/texmf-var/fonts/map/pdftex/updmap/pdftex.map}{/usr/local/texlive/2025/texmf-dist/fonts/enc/dvips/base/8r.enc} <./images_2/logo.pdf>] (./000_abstract_es.tex)

[1

] (./000_abstract_en.tex)

[2

] (./00_acknowledgements.tex)

[3

] (./MainThesis.toc
LaTeX Info: Redefining \. on input line 1.
LaTeX Info: Redefining \% on input line 1.


[4

]

[5]

[6])
\tf@toc=\write3
\openout3 = `MainThesis.toc'.



[7] (./MainThesis.lof
LaTeX Info: Redefining \. on input line 1.
LaTeX Info: Redefining \% on input line 1.


[8

])
\tf@lof=\write4
\openout4 = `MainThesis.lof'.



[9] (./MainThesis.lot
LaTeX Info: Redefining \. on input line 1.
LaTeX Info: Redefining \% on input line 1.
)
\tf@lot=\write5
\openout5 = `MainThesis.lot'.

 (./Abbreviations.tex
\@nomenclaturefile=\write6
\openout6 = `MainThesis.nlo'.

Package nomencl Info: Writing nomenclature file MainThesis.nlo on input line 1.
)
No file MainThesis.nls.


[1

]
Cap\'{\i }tulo 1.
(./1_introduction.tex

[2

]

[3]

[4])

[5]
Cap\'{\i }tulo 2.
(./2_LiteratureReview.tex

[6

]
Overfull \hbox (5.71074pt too wide) in paragraph at lines 37--38
[]|\OT1/ptm/m/n/10.95 Radiotrazadores 
 []


Overfull \hbox (47.69057pt too wide) in paragraph at lines 25--54
 [][] 
 []



[7]

[8]

[9]
Overfull \hbox (1.31607pt too wide) in paragraph at lines 78--79
[]\OT1/ptm/m/n/12 Las pri-me-ras apro-xi-ma-cio-nes pa-ra la re-cons-truc-ci[]on de im[]age-nes fo-to-ac[]usti-cas uti-li-zan-do apren-
 []



[10]

[11]

[12]

[13]

[14]

[15])

[16]
Cap\'{\i }tulo 3.
(./3_Methodology.tex

[17

]

[18]

[19]
<Images/arq.pdf, id=111, 826.98842pt x 687.58351pt>
File: Images/arq.pdf Graphic file (type pdf)
<use Images/arq.pdf>
Package pdftex.def Info: Images/arq.pdf  used on input line 107.
(pdftex.def)             Requested size: 377.85405pt x 314.16245pt.


[20]

[21 <./Images/arq.pdf>]

[22]

[23]

[24])

[25]
Cap\'{\i }tulo 4.
(./4_Implementation.tex
File: Images/arq.pdf Graphic file (type pdf)
<use Images/arq.pdf>
Package pdftex.def Info: Images/arq.pdf  used on input line 13.
(pdftex.def)             Requested size: 377.85405pt x 314.16245pt.
LaTeX Font Info:    Trying to load font information for TS1+ptm on input line 19.
 (/usr/local/texlive/2025/texmf-dist/tex/latex/psnfss/ts1ptm.fd
File: ts1ptm.fd 2001/06/04 font definitions for TS1/ptm.
)

[26

]

[27]

[28]
Overfull \hbox (11.95824pt too wide) in paragraph at lines 123--124
[]\OT1/ptm/m/n/12 Penalizaci[]on de si-mi-li-tud (pre-vie-ne ata-jos du-ran-te el apren-di-za-je): $\OML/cmm/m/it/12 P[] \OT1/cmr/m/n/12 = \OML/cmm/m/it/12 cos[]similarity\OT1/cmr/m/n/12 ([]\OML/cmm/m/it/12 ; S\OT1/cmr/m/n/12 )$ 
 []



[29]

[30]

LaTeX Warning: Reference `fig:metrics_comparative' on page 31 undefined on input line 214.



[31])

[32]
Cap\'{\i }tulo 5.
(./5_Experiments.tex
Underfull \hbox (badness 2103) in paragraph at lines 22--23
[]|\OT1/ptm/m/n/12 Evaluar el ren-di-mien-to del
 []


Underfull \hbox (badness 10000) in paragraph at lines 22--23
\OT1/ptm/m/n/12 mo-de-lo pre-entrenado sin
 []


Underfull \hbox (badness 4205) in paragraph at lines 28--29
[]|\OT1/ptm/m/n/12 Determinar la con-tri-bu-ci[]on
 []



[33

]
<images_2/perdidas_entrenamiento_recon.png, id=165, 1194.4625pt x 691.58376pt>
File: images_2/perdidas_entrenamiento_recon.png Graphic file (type png)
<use images_2/perdidas_entrenamiento_recon.png>
Package pdftex.def Info: images_2/perdidas_entrenamiento_recon.png  used on input line 51.
(pdftex.def)             Requested size: 226.70955pt x 131.25453pt.
<images_2/perdidas_entrenamiento_super.png, id=166, 1193.45876pt x 691.58376pt>
File: images_2/perdidas_entrenamiento_super.png Graphic file (type png)
<use images_2/perdidas_entrenamiento_super.png>
Package pdftex.def Info: images_2/perdidas_entrenamiento_super.png  used on input line 58.
(pdftex.def)             Requested size: 226.70955pt x 131.37062pt.


[34]
<images_2/perdidas_entrenamiento_finetuning.png, id=170, 1383.1675pt x 1194.4625pt>
File: images_2/perdidas_entrenamiento_finetuning.png Graphic file (type png)
<use images_2/perdidas_entrenamiento_finetuning.png>
Package pdftex.def Info: images_2/perdidas_entrenamiento_finetuning.png  used on input line 78.
(pdftex.def)             Requested size: 377.85405pt x 326.30019pt.


[35 <./images_2/perdidas_entrenamiento_recon.png> <./images_2/perdidas_entrenamiento_super.png>]

[36 <./images_2/perdidas_entrenamiento_finetuning.png>]
<images_2/radar_chart_metrics.png, id=177, 827.2506pt x 865.7946pt>
File: images_2/radar_chart_metrics.png Graphic file (type png)
<use images_2/radar_chart_metrics.png>
Package pdftex.def Info: images_2/radar_chart_metrics.png  used on input line 91.
(pdftex.def)             Requested size: 377.85405pt x 395.46964pt.
<images_2/perdidas_entrenamiento_finetuning_no_phy.png, id=179, 1390.19376pt x 1194.4625pt>
File: images_2/perdidas_entrenamiento_finetuning_no_phy.png Graphic file (type png)
<use images_2/perdidas_entrenamiento_finetuning_no_phy.png>
Package pdftex.def Info: images_2/perdidas_entrenamiento_finetuning_no_phy.png  used on input line 106.
(pdftex.def)             Requested size: 377.85405pt x 324.64163pt.


[37 <./images_2/radar_chart_metrics.png>]

[38 <./images_2/perdidas_entrenamiento_finetuning_no_phy.png>]
<images_2/perdidas_entrenamiento_finetuning_no_struct.png, id=188, 1394.20876pt x 1194.4625pt>
File: images_2/perdidas_entrenamiento_finetuning_no_struct.png Graphic file (type png)
<use images_2/perdidas_entrenamiento_finetuning_no_struct.png>
Package pdftex.def Info: images_2/perdidas_entrenamiento_finetuning_no_struct.png  used on input line 123.
(pdftex.def)             Requested size: 377.85405pt x 323.7121pt.


[39 <./images_2/perdidas_entrenamiento_finetuning_no_struct.png>]
<images_2/grouped_improvements.png, id=193, 1004.0712pt x 570.2103pt>
File: images_2/grouped_improvements.png Graphic file (type png)
<use images_2/grouped_improvements.png>
Package pdftex.def Info: images_2/grouped_improvements.png  used on input line 152.
(pdftex.def)             Requested size: 377.85405pt x 214.5766pt.


[40]
Overfull \hbox (22.76718pt too wide) in paragraph at lines 165--178
 [][] 
 []



[41 <./images_2/grouped_improvements.png>]
<images_2/complexity_vs_improvement.png, id=201, 1075.3776pt x 713.7867pt>
File: images_2/complexity_vs_improvement.png Graphic file (type png)
<use images_2/complexity_vs_improvement.png>
Package pdftex.def Info: images_2/complexity_vs_improvement.png  used on input line 206.
(pdftex.def)             Requested size: 472.31577pt x 313.50076pt.


[42]

[43 <./images_2/complexity_vs_improvement.png>]
<images_2/representative_cases.png, id=209, 1065.5007pt x 769.6755pt>
File: images_2/representative_cases.png Graphic file (type png)
<use images_2/representative_cases.png>
Package pdftex.def Info: images_2/representative_cases.png  used on input line 233.
(pdftex.def)             Requested size: 425.0813pt x 307.06613pt.


[44]

[45 <./images_2/representative_cases.png>]
<images_2/error_maps_comparison.png, id=218, 1230.999pt x 796.8972pt>
File: images_2/error_maps_comparison.png Graphic file (type png)
<use images_2/error_maps_comparison.png>
Package pdftex.def Info: images_2/error_maps_comparison.png  used on input line 254.
(pdftex.def)             Requested size: 472.31577pt x 305.75456pt.


[46 <./images_2/error_maps_comparison.png>]
<images_2/reconstruction_comparison_profile.png, id=223, 860.013pt x 424.9476pt>
File: images_2/reconstruction_comparison_profile.png Graphic file (type png)
<use images_2/reconstruction_comparison_profile.png>
Package pdftex.def Info: images_2/reconstruction_comparison_profile.png  used on input line 271.
(pdftex.def)             Requested size: 401.47128pt x 198.3702pt.
<images_2/feature_maps_comparison.png, id=224, 1077.3048pt x 573.1011pt>
File: images_2/feature_maps_comparison.png Graphic file (type png)
<use images_2/feature_maps_comparison.png>
Package pdftex.def Info: images_2/feature_maps_comparison.png  used on input line 290.
(pdftex.def)             Requested size: 472.31577pt x 251.26454pt.


[47 <./images_2/reconstruction_comparison_profile.png>]
<images_2/attention_maps.png, id=229, 1076.823pt x 562.9833pt>
File: images_2/attention_maps.png Graphic file (type png)
<use images_2/attention_maps.png>
Package pdftex.def Info: images_2/attention_maps.png  used on input line 305.
(pdftex.def)             Requested size: 425.0813pt x 222.23422pt.


[48 <./images_2/feature_maps_comparison.png>]

[49 <./images_2/attention_maps.png>]

[50]

[51]

[52]

[53]

[54])

[55]
Cap\'{\i }tulo 6.
(./7_Conclusion.tex

[56

]

[57]

[58]
Overfull \hbox (2.18094pt too wide) in paragraph at lines 69--70
[]\OT1/ptm/m/n/12 La ex-plo-ra-ci[]on de ar-qui-tec-tu-ras m[]as avan-za-das re-pre-sen-ta otra di-rec-ci[]on pro-me-te-do-ra que podr[]^^Pa
 []



[59]

[60]
Overfull \hbox (21.41586pt too wide) in paragraph at lines 99--100
[]\OT1/ptm/m/n/12 Otras apli-ca-cio-nes po-ten-cia-les in-clu-yen la re-cons-truc-ci[]on en mi-cros-cop[]^^Pa []opti-ca de super-resoluci[]on,
 []



[61]) (./MainThesis.bbl

[62]

[63

]

[64]

[65]

[66]

[67])

[68] (./MainThesis.aux
LaTeX Info: Redefining \. on input line 8.
LaTeX Info: Redefining \% on input line 8.
)
 ***********
LaTeX2e <2024-11-01> patch level 2
L3 programming layer <2025-01-18>
 ***********


LaTeX Warning: There were undefined references.

 ) 
Here is how much of TeX's memory you used:
 9719 strings out of 473190
 172501 string characters out of 5715801
 724280 words of memory out of 5000000
 32785 multiletter control sequences out of 15000+600000
 586885 words of font info for 87 fonts, out of 8000000 for 9000
 1141 hyphenation exceptions out of 8191
 115i,11n,110p,1856b,586s stack positions out of 10000i,1000n,20000p,200000b,200000s
</usr/local/texlive/2025/texmf-dist/fonts/type1/public/amsfonts/cm/cmbx12.pfb></usr/local/texlive/2025/texmf-dist/fonts/type1/public/amsfonts/cm/cmex10.pfb></usr/local/texlive/2025/texmf-dist/fonts/type1/public/amsfonts/cm/cmmi10.pfb></usr/local/texlive/2025/texmf-dist/fonts/type1/public/amsfonts/cm/cmmi12.pfb></usr/local/texlive/2025/texmf-dist/fonts/type1/public/amsfonts/cm/cmmi6.pfb></usr/local/texlive/2025/texmf-dist/fonts/type1/public/amsfonts/cm/cmmi8.pfb></usr/local/texlive/2025/texmf-dist/fonts/type1/public/amsfonts/cm/cmr12.pfb></usr/local/texlive/2025/texmf-dist/fonts/type1/public/amsfonts/cm/cmr6.pfb></usr/local/texlive/2025/texmf-dist/fonts/type1/public/amsfonts/cm/cmr8.pfb></usr/local/texlive/2025/texmf-dist/fonts/type1/public/amsfonts/cm/cmsy10.pfb></usr/local/texlive/2025/texmf-dist/fonts/type1/public/amsfonts/cm/cmsy8.pfb></usr/local/texlive/2025/texmf-dist/fonts/type1/urw/times/utmb8a.pfb></usr/local/texlive/2025/texmf-dist/fonts/type1/urw/times/utmr8a.pfb></usr/local/texlive/2025/texmf-dist/fonts/type1/urw/times/utmri8a.pfb>
Output written on MainThesis.pdf (78 pages, 7259044 bytes).
PDF statistics:
 362 PDF objects out of 1000 (max. 8388607)
 226 compressed objects within 3 object streams
 0 named destinations out of 1000 (max. 500000)
 76 words of extra memory for PDF output out of 10000 (max. 10000000)

